apiVersion: config.ops.kuipersys.com/v1alpha1
kind: CloudProvider
metadata:
  name: cloud-provider
  namespace: amazon-aws
spec:
  provider: AWS
  settings:
    subscriptionId: 12345678-1234-1234-1234-123456789012
    tenantId: 12345678-1234-1234-1234-123456789012
    clientId: 12345678-1234-1234-1234-123456789012
    clientSecret: 12345678-1234-1234-1234-123456789012
