apiVersion: config.ops.kuipersys.com/v1alpha1
kind: GenericConfig
metadata:
  name: global-config
  namespace: global
spec:
  inheritedConfigs:
  - global/app-config-base-1
  settings:
    setting1: value1
    setting2: value2
