apiVersion: config.ops.kuipersys.com/v1alpha1
kind: ServiceGroup
metadata:
  name: service-example-uswest1
  namespace: amazon-aws
spec:
  cloudProvider: amazon-aws/cloud-config
  cloudProviderRegion: amazon-aws/us-west-1
  settings:
    secretStoreXyz: abcd
