apiVersion: v1
kind: ServiceConfig
metadata:
  name: service-a
  namespace: default
  labels:
    geo: us
    region: westus
    env: prod
