data:
  subscriptionId: 12345678-1234-1234-1234-123456789012
  tenantId: 12345678-1234-1234-1234-123456789012
  clientId: 12345678-1234-1234-1234-123456789012
  clientSecret: 12345678-1234-1234-1234-123456789012
apiVersion: config.kuipersys.com/v1alpha1
kind: Cloud
metadata:
  name: cloud
  namespace: microsoft-azure
  inheritedConfigs:
