{
  "cloud": {
    "subscriptionId": "12345678-1234-1234-1234-123456789012",
    "tenantId": "12345678-1234-1234-1234-123456789012",
    "clientId": "12345678-1234-1234-1234-123456789012",
    "clientSecret": "12345678-1234-1234-1234-123456789012",
    "regions": {
      "uswest1": {
        "subscriptionId": "12345678-1234-1234-1234-123456789012",
        "tenantId": "12345678-1234-1234-1234-123456789012",
        "clientId": "12345678-1234-1234-1234-123456789012",
        "clientSecret": "12345678-1234-1234-1234-123456789012"
      }
    }
  },
  "region": {
    "subscriptionId": "12345678-1234-1234-1234-123456789012",
    "tenantId": "12345678-1234-1234-1234-123456789012",
    "clientId": "12345678-1234-1234-1234-123456789012",
    "clientSecret": "12345678-1234-1234-1234-123456789012"
  },
  "services": {
    "service-example-uswest1": {
      "secretStoreXyz": "abcd",
      "instances": {
        "service-example-uswest1": {
          "secretStoreXyz": "abcd"
        }
      }
    }
  }
}
